[3 (1 : 1),+ (1 : 3),'(' (2 : 1),'if' (2 : 2),3 (3 : 5),<= (3 : 7),0 (3 : 9),'then' (4 : 2),true (5 : 5),'else' (6 : 2),false (7 : 5),')' (7 : 10)]