['if' (1 : 1),10 (2 : 9),<= (2 : 12),8 (2 : 15),'then' (3 : 1),8 (4 : 9),/ (4 : 11),2 (4 : 13),+ (4 : 15),6 (4 : 17),'else' (5 : 1),2 (6 : 9),* (6 : 11),6 (6 : 13),- (6 : 15),10 (6 : 17)]