(let x = (ref (> 20 10)) in (x := (<= 20 10)) ; (if !x (- 2 1) (+ -1 1)))
(let x = Ptr(0) in (x := (<= 20 10)) ; (if !x (- 2 1) (+ -1 1)))
(Ptr(0) := (<= 20 10)) ; (if !Ptr(0) (- 2 1) (+ -1 1))
(Ptr(0) := false) ; (if !Ptr(0) (- 2 1) (+ -1 1))
() ; (if !Ptr(0) (- 2 1) (+ -1 1))
() ; (if false (- 2 1) (+ -1 1))
() ; 0
0
